=== f0_T3C1s exit=0 02:29:59
=== f1_T3C1s_20k start 02:29:59
=== f1_T3C1s_20k exit=0 02:35:27
=== f1_T3C1s_60k start 02:35:27
=== f1_T3C1s_60k exit=0 02:36:00
=== f1_T3C1s_20k_cpu start 02:36:00
=== f1_T3C1s_20k_cpu exit=0 02:42:22
=== f2_levelA_T0 start 02:42:22
=== f2_levelA_T0 exit=0 02:42:32
=== f2_computeC_T0 start 02:42:32
=== f2_computeC_T0 exit=0 02:42:34
=== f2_poiseuille_T0 start 02:42:34
=== f2_poiseuille_T0 exit=0 02:42:50
=== f2_laplace_T0 start 02:42:50
=== f2_laplace_T0 exit=0 02:46:03
=== f2_contact_T0 start 02:46:03
=== f2_contact_T0 exit=0 02:46:19
=== f2_postproc_T0 start 02:46:19
=== f2_postproc_T0 exit=0 02:46:20
=== f2_levelA_T3C1s start 02:46:20
=== f2_levelA_T3C1s exit=0 02:51:20
=== f2_computeC_T3C1s start 02:51:20
=== f2_computeC_T3C1s exit=0 02:51:22
=== f2_poiseuille_T3C1s start 02:51:22
=== f2_poiseuille_T3C1s exit=0 02:51:38
=== f2_laplace_T3C1s start 02:51:38
=== f2_laplace_T3C1s exit=0 02:57:52
=== f2_contact_T3C1s start 02:57:52
=== f2_contact_T3C1s exit=0 03:02:53
=== f2_postproc_T3C1s start 03:02:53
=== f2_postproc_T3C1s exit=0 03:02:54
=== f3_static_h40 start 03:02:54
=== f3_static_h40 exit=0 03:07:58
=== f3_static_h60 start 03:07:58
=== f3_static_h60 exit=0 03:13:02
=== f3_dyn_h26_s start 03:13:02
=== f3_dyn_h26_s exit=0 03:18:30
=== f3_dyn_h26_2L start 03:18:30
=== f3_dyn_h26_2L exit=0 03:23:59
=== f3_dyn_h40_s start 03:23:59
=== f3_dyn_h40_s exit=0 03:29:25
=== f3_dyn_h40_2L start 03:29:25
=== f3_dyn_h40_2L exit=0 03:35:09
=== f3_collect start 03:35:09
=== f3_collect exit=1 03:35:10
=== f4_v2_primary start 03:35:10
=== f4_v2_primary exit=0 03:40:31
