=== f2_levelA_T0 start 01:01:55
=== f2_levelA_T0 exit=0 01:07:44
=== f2_computeC_T0 start 01:07:44
=== f2_computeC_T0 exit=0 01:07:50
=== f2_poiseuille_T0 start 01:07:50
=== f2_poiseuille_T0 exit=0 01:08:06
=== f2_laplace_T0 start 01:08:06
=== f2_laplace_T0 exit=0 01:16:51
=== f2_contact_T0 start 01:16:51
=== f2_contact_T0 exit=0 01:22:39
=== f2_postproc_T0 start 01:22:39
=== f2_postproc_T0 exit=0 01:22:40
=== f2_levelA_T1C1 start 01:22:40
=== f2_levelA_T1C1 exit=1 01:28:17
=== f2_computeC_T1C1 start 01:28:17
=== f2_computeC_T1C1 exit=0 01:28:19
=== f2_poiseuille_T1C1 start 01:28:19
=== f2_poiseuille_T1C1 exit=0 01:28:35
=== f2_laplace_T1C1 start 01:28:35
=== f2_laplace_T1C1 exit=0 01:37:35
=== f2_contact_T1C1 start 01:37:35
=== f2_contact_T1C1 exit=0 01:43:59
=== f2_postproc_T1C1 start 01:43:59
=== f2_postproc_T1C1 exit=0 01:44:00
=== f3_static_h40 start 01:44:00
=== f3_static_h40 exit=0 01:50:35
=== f3_static_h60 start 01:50:35
=== f3_static_h60 exit=0 01:56:53
=== f3_dyn_h26_s start 01:56:53
=== f3_dyn_h26_s exit=1 01:58:23
=== f3_dyn_h26_2L start 01:58:23
=== f3_dyn_h26_2L exit=1 02:12:11
=== f3_dyn_h40_s start 02:12:11
=== f3_dyn_h40_s exit=1 02:17:55
=== f3_dyn_h40_2L start 02:17:55
=== f3_dyn_h40_2L exit=0 02:25:32
=== f3_collect start 02:25:32
=== f3_collect exit=1 02:25:34
=== f4_v2_primary start 02:25:34
=== f4_v2_primary exit=0 02:32:16
REGRESSIONS_DONE
