[Taichi] version 1.7.4, llvm 15.0.1, commit b4b956fd, win, python 3.10.21
[Taichi] Starting on arch=cuda
[v1_h40] nx=262 ny=42 nz=6 h_y=40 b=20.0 x0=40 xout=257 L_tot=246.0 steps=40000
[v1_h40] DECLARED: Pc=2.629253e-03  V_pred=1.425069e-02 K_naive=7.0113  (x<=x_stop=240)
[v1_h40]   5000/40000  x_vol=  56.04 x_cross=  54.00  (  347s,    14.4 steps/s)
[v1_h40]  10000/40000  x_vol=  74.29 x_cross=  73.00  (  350s,    28.6 steps/s)
[v1_h40]  15000/40000  x_vol=  92.76 x_cross=  91.00  (  354s,    42.4 steps/s)
[v1_h40]  20000/40000  x_vol= 111.40 x_cross= 110.00  (  357s,    56.0 steps/s)
[v1_h40]  25000/40000  x_vol= 130.19 x_cross= 128.00  (  361s,    69.3 steps/s)
[v1_h40]  30000/40000  x_vol= 149.06 x_cross= 147.00  (  364s,    82.4 steps/s)
[v1_h40]  35000/40000  x_vol= 167.98 x_cross= 166.00  (  368s,    95.2 steps/s)
[v1_h40]  40000/40000  x_vol= 186.90 x_cross= 185.00  (  371s,   107.8 steps/s)
figure failed: x and y must have same first dimension, but have shapes (141,) and (47,)
[v1_h40] done in 371s (40000 steps). x_vol 40.2 -> 186.9
{
 "window_idx": [
  19,
  159
 ],
 "gate3_monotonic": true,
 "gate4_window_frac": 0.8805031446540881,
 "fit_x_linear": {
  "V": 0.00374586470786153,
  "r2": 0.9999683219574534,
  "x_fit": [
   55.4637253228805,
   58.273123853776646,
   61.0825223846728,
   63.891920915568946,
   66.70131944646509,
   69.51071797736124,
   72.32011650825739,
   75.12951503915353,
   77.93891357004968,
   80.74831210094582,
   83.55771063184199,
   86.36710916273813,
   89.17650769363428,
   91.98590622453042,
   94.79530475542657,
   97.60470328632272,
   100.41410181721886,
   103.22350034811501,
   106.03289887901116,
   108.8422974099073,
   111.65169594080345,
   114.4610944716996,
   117.27049300259574,
   120.07989153349189,
   122.88929006438804,
   125.69868859528418,
   128.50808712618033,
   131.31748565707647,
   134.12688418797262,
   136.93628271886877,
   139.7456812497649,
   142.55507978066106,
   145.3644783115572,
   148.17387684245335,
   150.9832753733495,
   153.79267390424565,
   156.6020724351418,
   159.41147096603794,
   162.22086949693409,
   165.03026802783026,
   167.8396665587264,
   170.64906508962255,
   173.4584636205187,
   176.26786215141485,
   179.077260682311,
   181.88665921320714,
   184.69605774410329
  ]
 },
 "V_fit": 0.00374586470786153,
 "V_pred": 0.014250694449265883,
 "gate6_rel_chosen": -0.7371451109840829,
 "fit_x2": {
  "K": 0.9080174471399434,
  "r2": 0.9792032928454326,
  "x_fit": [
   207.54467863224454,
   888.5577639872017,
   1569.5708493421598,
   2250.583934697117,
   2931.597020052074,
   3612.6101054070323,
   4293.6231907619895,
   4974.636276116948,
   5655.649361471904,
   6336.662446826862,
   7017.67553218182,
   7698.688617536776,
   8379.701702891734,
   9060.714788246692,
   9741.72787360165,
   10422.740958956607,
   11103.754044311565,
   11784.767129666523,
   12465.78021502148,
   13146.793300376436,
   13827.806385731395,
   14508.819471086352,
   15189.832556441312,
   15870.845641796268,
   16551.858727151222,
   17232.871812506186,
   17913.884897861142,
   18594.8979832161,
   19275.911068571055,
   19956.92415392601,
   20637.937239280967,
   21318.95032463593,
   21999.963409990887,
   22680.976495345843,
   23361.9895807008,
   24043.002666055756,
   24724.015751410712,
   25405.028836765676,
   26086.041922120632,
   26767.05500747559,
   27448.068092830545,
   28129.0811781855,
   28810.094263540464,
   29491.10734889542,
   30172.120434250377,
   30853.133519605333,
   31534.14660496029
  ]
 },
 "gate5_r2": 0.9792032928454326,
 "slope_x2_fit": 0.9080174471399434,
 "slope_x2_pred_chosen": 3.4491342741895763,
 "slope_x2_pred_naive": 7.011341669038814,
 "gate6_rel_naive": -0.870493053968596,
 "gate6_rel_chosen_form": -0.7367404760276273,
 "V_first_quarter": 0.0036667336309523803,
 "V_last_quarter": 0.003732511160714286
}
