[Taichi] version 1.7.4, llvm 15.0.1, commit b4b956fd, win, python 3.10.21
[Taichi] Starting on arch=cuda
[gx2_drain] geo nx=228 phi_solid=0.4847
[gx2_drain] dumping a frame every 20000 steps -> results_pcs_cg3d\gx2_drain\frames
[gx2_drain] equil 20000 steps: S_nw=0.0190 (990s)
[gx2_drain] d00_0.030 10000 S_nw=0.0335 umax=0.031
[gx2_drain] d00_0.030 20000 S_nw=0.0394 umax=0.032
[gx2_drain] d00_0.030 -> quasi-steady steps=25000 S_nw=0.0393 wall=1229.5s
[gx2_drain] d01_0.040 10000 S_nw=0.0521 umax=0.034
[gx2_drain] d01_0.040 20000 S_nw=0.0618 umax=0.034
[gx2_drain] d01_0.040 30000 S_nw=0.0703 umax=0.033
[gx2_drain] d01_0.040 40000 S_nw=0.0762 umax=0.033
[gx2_drain] d01_0.040 50000 S_nw=0.0816 umax=0.033
[gx2_drain] d01_0.040 60000 S_nw=0.0878 umax=0.033
[gx2_drain] d01_0.040 70000 S_nw=0.0935 umax=0.034
[gx2_drain] d01_0.040 80000 S_nw=0.0983 umax=0.034
[gx2_drain] d01_0.040 -> quasi-steady steps=83000 S_nw=0.0976 wall=4082.6s
[gx2_drain] d02_0.055 10000 S_nw=0.1179 umax=0.033
[gx2_drain] d02_0.055 20000 S_nw=0.1338 umax=0.033
[gx2_drain] d02_0.055 30000 S_nw=0.1494 umax=0.033
[gx2_drain] d02_0.055 40000 S_nw=0.1639 umax=0.033
[gx2_drain] d02_0.055 50000 S_nw=0.1781 umax=0.033
[gx2_drain] d02_0.055 60000 S_nw=0.1907 umax=0.033
[gx2_drain] d02_0.055 70000 S_nw=0.2035 umax=0.033
[gx2_drain] d02_0.055 80000 S_nw=0.2167 umax=0.033
[gx2_drain] d02_0.055 90000 S_nw=0.2316 umax=0.033
[gx2_drain] d02_0.055 100000 S_nw=0.2458 umax=0.033
[gx2_drain] d02_0.055 110000 S_nw=0.2588 umax=0.034
[gx2_drain] d02_0.055 120000 S_nw=0.2702 umax=0.035
[gx2_drain] d02_0.055 130000 S_nw=0.2822 umax=0.037
[gx2_drain] d02_0.055 140000 S_nw=0.2933 umax=0.035
[gx2_drain] d02_0.055 150000 S_nw=0.3031 umax=0.034
[gx2_drain] d02_0.055 -> max-steps steps=150000 S_nw=0.2985 wall=7379.0s
[gx2_drain] d03_0.074 10000 S_nw=0.3285 umax=0.034
[gx2_drain] d03_0.074 20000 S_nw=0.3531 umax=0.034
[gx2_drain] d03_0.074 30000 S_nw=0.3768 umax=0.034
[gx2_drain] d03_0.074 40000 S_nw=0.3975 umax=0.035
[gx2_drain] d03_0.074 50000 S_nw=0.4175 umax=0.035
[gx2_drain] d03_0.074 60000 S_nw=0.4376 umax=0.037
[gx2_drain] d03_0.074 70000 S_nw=0.4558 umax=0.035
[gx2_drain] d03_0.074 80000 S_nw=0.4743 umax=0.034
[gx2_drain] d03_0.074 90000 S_nw=0.4921 umax=0.034
[gx2_drain] d03_0.074 100000 S_nw=0.5088 umax=0.034
[gx2_drain] d03_0.074 110000 S_nw=0.5247 umax=0.034
[gx2_drain] d03_0.074 120000 S_nw=0.5394 umax=0.035
[gx2_drain] d03_0.074 130000 S_nw=0.5535 umax=0.035
[gx2_drain] d03_0.074 140000 S_nw=0.5661 umax=0.040
[gx2_drain] d03_0.074 150000 S_nw=0.5774 umax=0.041
[gx2_drain] d03_0.074 -> max-steps steps=150000 S_nw=0.5721 wall=7409.7s
