[              PASS] case-01  (1.3 s, exit 0)
[              PASS] case-02  (4.3 s, exit 0)
[       FAIL_SOLVER] case-03  (340.8 s, exit 0)
Traceback (most recent call last):
  File "D:\2026_agent_work\01_GLM_LBM3D_porous_media\cg3d-episode-worktrees\BI-CG-LECLAIRE-IMPLEMENTATION-001\tests\leclaire_cg\pass04.py", line 1091, in main
    verd, cobj = CASES[idx](OUT_ROOT, cand)
                 ~~~~~~~~~~^^^^^^^^^^^^^^^^
  File "D:\2026_agent_work\01_GLM_LBM3D_porous_media\cg3d-episode-worktrees\BI-CG-LECLAIRE-IMPLEMENTATION-001\tests\leclaire_cg\pass04.py", line 355, in case_04
    and r["fit_rms_geom"] < g["max_fit_rms_geom"]]
                            ~^^^^^^^^^^^^^^^^^^^^
KeyError: 'max_fit_rms_geom'
[           NOT_RUN] case-04  (558.5 s, exit 1)
[              PASS] case-05  (14.8 s, exit 0)
[              PASS] case-06  (36.0 s, exit 0)
Traceback (most recent call last):
  File "D:\2026_agent_work\01_GLM_LBM3D_porous_media\cg3d-episode-worktrees\BI-CG-LECLAIRE-IMPLEMENTATION-001\tests\leclaire_cg\pass04.py", line 1091, in main
    verd, cobj = CASES[idx](OUT_ROOT, cand)
                 ~~~~~~~~~~^^^^^^^^^^^^^^^^
  File "D:\2026_agent_work\01_GLM_LBM3D_porous_media\cg3d-episode-worktrees\BI-CG-LECLAIRE-IMPLEMENTATION-001\tests\leclaire_cg\pass04.py", line 601, in case_07
    xx = np.arange(n[0])[None, :, None] * np.ones(n)
         ~~~~~~~~~~~~~~~~~~~~~~~~~~~~~~~^~~~~~~~~~~~
ValueError: operands could not be broadcast together with shapes (1,28,1) (28,14,10) 
[           NOT_RUN] case-07  (18.5 s, exit 1)
[      INCONCLUSIVE] case-08  (220.8 s, exit 0)
[       FAIL_SOLVER] case-09  (37.1 s, exit 0)
[              PASS] case-10  (9.9 s, exit 0)
[              PASS] case-11  (5.3 s, exit 0)
Traceback (most recent call last):
  File "D:\2026_agent_work\01_GLM_LBM3D_porous_media\cg3d-episode-worktrees\BI-CG-LECLAIRE-IMPLEMENTATION-001\tests\leclaire_cg\pass04.py", line 1131, in <module>
    sys.exit(main())
             ~~~~^^
  File "D:\2026_agent_work\01_GLM_LBM3D_porous_media\cg3d-episode-worktrees\BI-CG-LECLAIRE-IMPLEMENTATION-001\tests\leclaire_cg\pass04.py", line 1125, in main
    write_validation_report(OUT_ROOT, cand)
    ^^^^^^^^^^^^^^^^^^^^^^^
NameError: name 'write_validation_report' is not defined
EXIT=1
