START 1
DONE  1 PASS 1.3
START 2
DONE  2 PASS 4.7
START 3
DONE  3 FAIL_SOLVER 5.1
START 4
DONE  4 FAIL_SOLVER 3.3
START 5
DONE  5 FAIL_SOLVER 0.7
START 6
DONE  6 PASS 39.4
START 7
DONE  7 INVALID_TEST 0.7
START 8
DONE  8 PASS 2.0
START 9
DONE  9 FAIL_SOLVER 1.2
START 10
DONE  10 PASS 0.7
START 11
DONE  11 PASS 0.6
OK: [(1, 'PASS', 1.3), (2, 'PASS', 4.7), (3, 'FAIL_SOLVER', 5.1), (4, 'FAIL_SOLVER', 3.3), (5, 'FAIL_SOLVER', 0.7), (6, 'PASS', 39.4), (7, 'INVALID_TEST', 0.7), (8, 'PASS', 2.0), (9, 'FAIL_SOLVER', 1.2), (10, 'PASS', 0.7), (11, 'PASS', 0.6)]
BAD: []
SMOKE_EXIT=0
