[PASS] table.weights.sum_W: residual 0.0
[PASS] table.weights.mom2_W: residual 5.551115123125783e-17
[PASS] table.weights.phi_collapse: residual 0.0
[PASS] table.weights.sum_B: residual 5.551115123125783e-17
[PASS] table.weights.zeta_cs2: residual 5.551115123125783e-17
[PASS] table.weights.opp_involution: residual 0.0
[PASS] table.matrix.row0_density: residual 0.0
[PASS] table.matrix.row3_cx: residual 0.0
[PASS] table.matrix.row5_cy: residual 0.0
[PASS] table.matrix.row7_cz: residual 0.0
[PASS] table.matrix.row9_2xx_yy_zz: residual 0.0
[PASS] table.matrix.row11_yy_zz: residual 0.0
[PASS] table.matrix.row13_xy: residual 0.0
[PASS] table.matrix.row14_yz: residual 0.0
[PASS] table.matrix.row15_xz: residual 0.0
[PASS] table.matrix.invertible: residual 8.881784197001252e-16
[PASS] table.matrix.rows_shell_constant: residual 0.0
[PASS] table.shell_grouping: residual 0.0
[PASS] shell.counts: residual [np.int64(0), np.int64(0), np.int64(0)]
[PASS] shell.norms: residual [np.float64(0.0), np.float64(0.0), np.float64(0.0)]
[PASS] equilibrium.zero_state_equals_rho_W: residual 0.0
[PASS] equilibrium.mass: residual 0.0
[PASS] gradient.linear_exact_axis0: residual 4.440892098500626e-16
[PASS] gradient.linear_exact_axis1: residual 1.3322676295501877e-15
[PASS] gradient.linear_exact_axis2: residual 3.330669073875469e-16
[PASS] gradient.sign_is_physical: residual 0.0
[PASS] gradient.matches_analytic_tanh: residual 0.020051037744775235
[PASS] gradient.off_axis_is_zero: residual 2.7755575615628907e-17
[PASS] perturbation.mass: residual 5.7462715141731735e-18
[PASS] perturbation.momentum: residual 2.168404344971009e-18
[PASS] perturbation.second_moment_vs_derivation: residual 3.469446951953614e-18
[PASS] perturbation.mass_vs_derivation: residual 5.7462715141731735e-18
[PASS] perturbation.A_equals_9over4_omega_sigma: residual [np.float64(0.0), 0.0]
[PASS] grad_l17.bulk_linear_exact_x: residual 8.881784197001252e-16
[PASS] grad_l17.bulk_linear_exact_y: residual 1.1102230246251565e-15
[PASS] grad_l17.wall_centred_available_axis: residual 0.0
[PASS] grad_l17.wall_backward_when_plus_missing: residual 0.0
[PASS] grad_l17.wall_zero_when_both_missing: residual 0.0
[PASS] grad_variant.experimental_reachable: residual 9.992007221626409e-16
[PASS] grad_variant.rejects_unknown: residual 0.0
[PASS] A1_mass: residual 2.220446049250313e-16
[PASS] A2_momentum: residual 5.551115123125783e-17
[PASS] A3_second_moment: residual 1.0408340855860843e-16
[PASS] A4_third_moment: residual 6.938893903907228e-17
[PASS] A1_would_fail_with_c_i_dot_grad_rho_form: residual [0.0]
[PASS] convention.nw_points_solid_to_fluid: residual [np.float64(6.516526448886793e-17), np.float64(6.516526448886793e-17), np.float64(0.0)]
[PASS] convention.secant_fixed_point_60_from_60: residual 7.105427357601002e-15
[PASS] convention.secant_fixed_point_60_from_120: residual 7.105427357601002e-15
[PASS] convention.secant_fixed_point_60_from_90: residual 7.105427357601002e-15
[PASS] convention.secant_fixed_point_90_from_90: residual 0.0
[PASS] convention.secant_fixed_point_90_from_90: residual 0.0
[PASS] convention.secant_fixed_point_90_from_90: residual 0.0
[PASS] convention.secant_fixed_point_120_from_120: residual 1.4210854715202004e-14
[PASS] convention.secant_fixed_point_120_from_60: residual 1.4210854715202004e-14
[PASS] convention.secant_fixed_point_120_from_90: residual 1.4210854715202004e-14
[PASS] convention.flipped_nw_is_complementary: residual 0.0
[PASS] convention.flipped_nw_fails_canonical_gate: residual 0.0
[PASS] convention.no_physical_wetting_sign_parameter: residual 0.0
[PASS] convention.override_is_labelled_debug: residual 0.0
[PASS] instrument.circle_fit_recovers_30deg: residual 3.552713678800501e-14
[PASS] instrument.circle_fit_recovers_60deg: residual 7.105427357601002e-15
[PASS] instrument.circle_fit_recovers_90deg: residual 0.0
[PASS] instrument.circle_fit_recovers_120deg: residual 2.842170943040401e-14
[PASS] instrument.circle_fit_recovers_150deg: residual 2.842170943040401e-14
[PASS] recolor.red_sum_equals_rho_r: residual 1.6653345369377348e-16
[PASS] recolor.blue_sum_equals_rho_b: residual 2.220446049250313e-16
[PASS] recolor.total_is_colour_blind: residual 1.3877787807814457e-17
[PASS] bounceback.double_application_is_identity: residual 0.0
[PASS] bounceback.untouched_fluid: residual 0.0
[PASS] bounceback.solid_is_opposite_permuted: residual 0.0
[PASS] stream.forward_shift_x: residual 0.0
[PASS] stream.non_forward_directions_differ: residual 0.0
[PASS] stream.total_mass_preserved: residual 7.105427357601002e-15

73/73 checks passed
