[Taichi] version 1.7.4, llvm 15.0.1, commit b4b956fd, win, python 3.10.21
[Taichi] Starting on arch=cuda
PASS A1 M @ inv_M == I  max|err|=2.98e-08
[W 09/25/26 18:43:47.398 45292] TaichiWarning
While compiling `collision_c82_0`, File "D:\2026_agent_work\01_GLM_LBM3D_porous_media\cg3d-episode-worktrees\BI-COLOUR-CLOSURE-001\lbm_solver_cg3d.py", line 866, in collision:
                        dr_loc = drl
                        ^^^^^^^^^^^^
Assign may lose precision: f32 <- f64
[W 09/25/26 18:43:47.398 45292] TaichiWarning
While compiling `collision_c82_0`, File "D:\2026_agent_work\01_GLM_LBM3D_porous_media\cg3d-episode-worktrees\BI-COLOUR-CLOSURE-001\lbm_solver_cg3d.py", line 867, in collision:
                        db_loc = dbl
                        ^^^^^^^^^^^^
Assign may lose precision: f32 <- f64
[W 09/25/26 18:48:50.481 45292] TaichiWarning
While compiling `streaming3_c92_0`, File "D:\2026_agent_work\01_GLM_LBM3D_porous_media\cg3d-episode-worktrees\BI-COLOUR-CLOSURE-001\lbm_solver_cg3d.py", line 1132, in streaming3:
                self.rho_r[i, j, k] = self.rhor[i, j, k]
                ^^^^^^^^^^^^^^^^^^^^^^^^^^^^^^^^^^^^^^^^
Assign may lose precision: f32 <- f64
[W 09/25/26 18:48:50.481 45292] TaichiWarning
While compiling `streaming3_c92_0`, File "D:\2026_agent_work\01_GLM_LBM3D_porous_media\cg3d-episode-worktrees\BI-COLOUR-CLOSURE-001\lbm_solver_cg3d.py", line 1133, in streaming3:
                self.rho_b[i, j, k] = self.rhob[i, j, k]
                ^^^^^^^^^^^^^^^^^^^^^^^^^^^^^^^^^^^^^^^^
Assign may lose precision: f32 <- f64
PASS A2 uniform phase stationary  max|v|=0.00e+00 psi_dev=0.0e+00
PASS A3 colour-mass conservation  rel drift=0.00e+00
PASS A4 reservoir pins rho/psi  rho=1.05000 psi=1.0000
PASS A5 membrane blocks blue (psi_left stays red)  min psi[x<9]=1.000
level A done in 312s
LEVEL A: ALL PASS
