[Taichi] version 1.7.4, llvm 15.0.1, commit b4b956fd, win, python 3.10.21
[Taichi] Starting on arch=cuda
[dyn_h26_2L] dynamic nx=500 ny=28 L_hyd=477 T_TRANS=5070 x_ic_exit=94 x_stop=474
[W 09/25/26 19:17:14.938 22848] TaichiWarning
While compiling `collision_c82_0`, File "D:\2026_agent_work\01_GLM_LBM3D_porous_media\cg3d-episode-worktrees\BI-COLOUR-CLOSURE-001\lbm_solver_cg3d.py", line 866, in collision:
                        dr_loc = drl
                        ^^^^^^^^^^^^
Assign may lose precision: f32 <- f64
[W 09/25/26 19:17:14.938 22848] TaichiWarning
While compiling `collision_c82_0`, File "D:\2026_agent_work\01_GLM_LBM3D_porous_media\cg3d-episode-worktrees\BI-COLOUR-CLOSURE-001\lbm_solver_cg3d.py", line 867, in collision:
                        db_loc = dbl
                        ^^^^^^^^^^^^
Assign may lose precision: f32 <- f64
[W 09/25/26 19:22:14.113 22848] TaichiWarning
While compiling `streaming3_c92_0`, File "D:\2026_agent_work\01_GLM_LBM3D_porous_media\cg3d-episode-worktrees\BI-COLOUR-CLOSURE-001\lbm_solver_cg3d.py", line 1132, in streaming3:
                self.rho_r[i, j, k] = self.rhor[i, j, k]
                ^^^^^^^^^^^^^^^^^^^^^^^^^^^^^^^^^^^^^^^^
Assign may lose precision: f32 <- f64
[W 09/25/26 19:22:14.113 22848] TaichiWarning
While compiling `streaming3_c92_0`, File "D:\2026_agent_work\01_GLM_LBM3D_porous_media\cg3d-episode-worktrees\BI-COLOUR-CLOSURE-001\lbm_solver_cg3d.py", line 1133, in streaming3:
                self.rho_b[i, j, k] = self.rhob[i, j, k]
                ^^^^^^^^^^^^^^^^^^^^^^^^^^^^^^^^^^^^^^^^
Assign may lose precision: f32 <- f64
[dyn_h26_2L]  10000/60000 x_vol=  70.61 (311s, 32 st/s)
[dyn_h26_2L]  20000/60000 x_vol= 100.39 (317s, 63 st/s)
[dyn_h26_2L]  30000/60000 x_vol= 130.27 (322s, 93 st/s)
[dyn_h26_2L]  40000/60000 x_vol= 160.24 (328s, 122 st/s)
[dyn_h26_2L]  50000/60000 x_vol= 190.30 (333s, 150 st/s)
[dyn_h26_2L]  60000/60000 x_vol= 220.44 (338s, 177 st/s)
[dyn_h26_2L] steps_cap; V_meas=3.0006e-03 R2=1.00000 probes_valid=43/55
