[Taichi] version 1.7.4, llvm 15.0.1, commit b4b956fd, win, python 3.10.21
[Taichi] Starting on arch=cuda
[dyn_h40_2L] dynamic nx=500 ny=42 L_hyd=477 T_TRANS=12000 x_ic_exit=122 x_stop=474
[W 09/25/26 19:28:22.673 61832] TaichiWarning
While compiling `collision_c82_0`, File "D:\2026_agent_work\01_GLM_LBM3D_porous_media\cg3d-episode-worktrees\BI-COLOUR-CLOSURE-001\lbm_solver_cg3d.py", line 866, in collision:
                        dr_loc = drl
                        ^^^^^^^^^^^^
Assign may lose precision: f32 <- f64
[W 09/25/26 19:28:22.673 61832] TaichiWarning
While compiling `collision_c82_0`, File "D:\2026_agent_work\01_GLM_LBM3D_porous_media\cg3d-episode-worktrees\BI-COLOUR-CLOSURE-001\lbm_solver_cg3d.py", line 867, in collision:
                        db_loc = dbl
                        ^^^^^^^^^^^^
Assign may lose precision: f32 <- f64
[W 09/25/26 19:33:23.445 61832] TaichiWarning
While compiling `streaming3_c92_0`, File "D:\2026_agent_work\01_GLM_LBM3D_porous_media\cg3d-episode-worktrees\BI-COLOUR-CLOSURE-001\lbm_solver_cg3d.py", line 1132, in streaming3:
                self.rho_r[i, j, k] = self.rhor[i, j, k]
                ^^^^^^^^^^^^^^^^^^^^^^^^^^^^^^^^^^^^^^^^
Assign may lose precision: f32 <- f64
[W 09/25/26 19:33:23.445 61832] TaichiWarning
While compiling `streaming3_c92_0`, File "D:\2026_agent_work\01_GLM_LBM3D_porous_media\cg3d-episode-worktrees\BI-COLOUR-CLOSURE-001\lbm_solver_cg3d.py", line 1133, in streaming3:
                self.rho_b[i, j, k] = self.rhob[i, j, k]
                ^^^^^^^^^^^^^^^^^^^^^^^^^^^^^^^^^^^^^^^^
Assign may lose precision: f32 <- f64
[dyn_h40_2L]  10000/60000 x_vol=  74.78 (315s, 32 st/s)
[dyn_h40_2L]  20000/60000 x_vol= 111.74 (323s, 62 st/s)
[dyn_h40_2L]  30000/60000 x_vol= 149.07 (330s, 91 st/s)
[dyn_h40_2L]  40000/60000 x_vol= 186.82 (338s, 118 st/s)
[dyn_h40_2L]  50000/60000 x_vol= 224.98 (345s, 145 st/s)
[dyn_h40_2L]  60000/60000 x_vol= 263.53 (353s, 170 st/s)
[dyn_h40_2L] steps_cap; V_meas=3.8013e-03 R2=0.99997 probes_valid=38/49
