[Taichi] version 1.7.4, llvm 15.0.1, commit b4b956fd, win, python 3.10.21
[Taichi] Starting on arch=cuda
[static_h40] static slit nx=240 ny=42 slab=[90,150)
[W 09/25/26 19:01:14.011 50164] TaichiWarning
While compiling `collision_c82_0`, File "D:\2026_agent_work\01_GLM_LBM3D_porous_media\cg3d-episode-worktrees\BI-COLOUR-CLOSURE-001\lbm_solver_cg3d.py", line 866, in collision:
                        dr_loc = drl
                        ^^^^^^^^^^^^
Assign may lose precision: f32 <- f64
[W 09/25/26 19:01:14.011 50164] TaichiWarning
While compiling `collision_c82_0`, File "D:\2026_agent_work\01_GLM_LBM3D_porous_media\cg3d-episode-worktrees\BI-COLOUR-CLOSURE-001\lbm_solver_cg3d.py", line 867, in collision:
                        db_loc = dbl
                        ^^^^^^^^^^^^
Assign may lose precision: f32 <- f64
[W 09/25/26 19:06:17.475 50164] TaichiWarning
While compiling `streaming3_c92_0`, File "D:\2026_agent_work\01_GLM_LBM3D_porous_media\cg3d-episode-worktrees\BI-COLOUR-CLOSURE-001\lbm_solver_cg3d.py", line 1132, in streaming3:
                self.rho_r[i, j, k] = self.rhor[i, j, k]
                ^^^^^^^^^^^^^^^^^^^^^^^^^^^^^^^^^^^^^^^^
Assign may lose precision: f32 <- f64
[W 09/25/26 19:06:17.475 50164] TaichiWarning
While compiling `streaming3_c92_0`, File "D:\2026_agent_work\01_GLM_LBM3D_porous_media\cg3d-episode-worktrees\BI-COLOUR-CLOSURE-001\lbm_solver_cg3d.py", line 1133, in streaming3:
                self.rho_b[i, j, k] = self.rhob[i, j, k]
                ^^^^^^^^^^^^^^^^^^^^^^^^^^^^^^^^^^^^^^^^
Assign may lose precision: f32 <- f64
[static_h40]   2500 umax=2.52e-02 Pc=2.264142e-03 mixed=22
[static_h40]   5000 umax=2.53e-02 Pc=2.286673e-03 mixed=22
[static_h40]   7500 umax=2.52e-02 Pc=2.274424e-03 mixed=22
[static_h40]  10000 umax=2.52e-02 Pc=2.278566e-03 mixed=22
[static_h40]  12500 umax=2.54e-02 Pc=2.281636e-03 mixed=22
[static_h40] Pc_static=2.281815e-03 C=0.7516 theta=41.27 (Pc stationary at 13250 (rel drift 8.1e-04 < 0.001 over last 10 blocks; umax floor 2.52e-02 recorded separately, not gated))
